2026-09-03 14:19:55 === benchmark-trust-outer.R starting === 
2026-09-03 14:19:55 --- nlm-family test-suite corpus --- 
2026-09-03 14:19:56 found 10/10 corpus files 
2026-09-03 14:20:02 [test:test-cens-dist-warn] test:test-cens-dist-warn#1: bobyqa ok=TRUE time=0.87s objf=258.1839 | trust[fd] ok=TRUE time=0.50s objf=258.1847 dObjf=0.0008755444 maxParDiff=0.9544515 | trust[bfgs] ok=TRUE time=0.44s objf=258.7913 dObjf=0.6074574 maxParDiff=0.7369447 | trust[sr1] ok=TRUE time=0.42s objf=258.1846 dObjf=0.0007097233 maxParDiff=1.606828 | trust[bofill] ok=TRUE time=0.44s objf=258.1845 dObjf=0.0006446797 maxParDiff=0.4204929 
2026-09-03 14:20:02 [test:test-cens-dist-warn] test_that(pois() + CENS warns (censoring ignored) on nlm) errored: could not find function "expect_true" 
2026-09-03 14:20:08 [test:test-cens-dist-warn] test:test-cens-dist-warn#2: bobyqa ok=TRUE time=0.92s objf=22.28706 | trust[fd] ok=TRUE time=1.08s objf=22.2633 dObjf=-0.02375948 maxParDiff=0.05169591 | trust[bfgs] ok=TRUE time=0.60s objf=22.23087 dObjf=-0.05619005 maxParDiff=0.04023307 | trust[sr1] ok=TRUE time=0.60s objf=22.30889 dObjf=0.02183063 maxParDiff=0.06458114 | trust[bofill] ok=TRUE time=0.58s objf=22.22968 dObjf=-0.05737305 maxParDiff=0.04074211 
2026-09-03 14:20:08 [test:test-cens-dist-warn] test_that(t() + CENS does not warn on nlm or focei (#979, #992)) errored: could not find function "expect_false" 
2026-09-03 14:20:09 [test:test-cens-dist-warn] test_that(pois() + CENS still warns on focei) errored: could not find function "expect_true" 
2026-09-03 14:20:09 [test:test-cens-dist-warn] test_that(censoring-ignored warning text stays under 75 characters) errored: could not find function "expect_lt" 
2026-09-03 14:20:12 [test:test-lincmt-ode-fit] test_that(a fit of a combined linCmt()/ODE model records the ODE translation in $runInfo) errored: could not find function "expect_true" 
2026-09-03 14:20:14 [test:test-lincmt-ode-fit] test_that(focei estimates a combined linCmt()/ODE model like the all-ODE model) errored: could not find function "expect_equal" 
2026-09-03 14:20:50 [test:test-lincmt-ode-fit] test:test-lincmt-ode-fit#1: bobyqa ok=TRUE time=1.62s objf=536.3186 | trust[fd] ok=TRUE time=14.87s objf=497.2813 dObjf=-39.03738 maxParDiff=1.036766 | trust[bfgs] ok=TRUE time=5.37s objf=497.2813 dObjf=-39.03734 maxParDiff=1.037014 | trust[sr1] ok=TRUE time=5.41s objf=497.2813 dObjf=-39.03737 maxParDiff=1.036816 | trust[bofill] ok=TRUE time=6.11s objf=519.6119 dObjf=-16.70678 maxParDiff=2.542535 
2026-09-03 14:21:26 [test:test-lincmt-ode-fit] test:test-lincmt-ode-fit#2: bobyqa ok=TRUE time=1.59s objf=536.3186 | trust[fd] ok=TRUE time=14.19s objf=497.2813 dObjf=-39.03738 maxParDiff=1.036766 | trust[bfgs] ok=TRUE time=5.54s objf=497.2813 dObjf=-39.03734 maxParDiff=1.037014 | trust[sr1] ok=TRUE time=5.51s objf=497.2813 dObjf=-39.03737 maxParDiff=1.036816 | trust[bofill] ok=TRUE time=6.29s objf=519.6119 dObjf=-16.70678 maxParDiff=2.542535 
2026-09-03 14:21:26 [test:test-lincmt-ode-fit] test_that(nlm estimates a combined linCmt()/ODE model like the all-ODE model) errored: could not find function "expect_equal" 
2026-09-03 14:21:36 [test:test-lincmt-ode-fit] test_that(trust estimates a combined linCmt()/ODE model like the all-ODE model (#996)) errored: could not find function "expect_equal" 
2026-09-03 14:21:37 [test:test-lincmt-ode-fit] test_that(the FD fallback and the table/pred models agree with the all-ODE model) errored: could not find function "expect_equal" 
2026-09-03 14:22:04 [test:test-lincmt-ode-fit] test_that(focei and saem agree on a combined linCmt()/ODE model) errored: could not find function "expect_equal" 
2026-09-03 14:22:10 [test:test-matexp] test_that(matExp() linear model estimates identically to the ODE (focei/foce/nlm)) errored: could not find function "expect_equal" 
2026-09-03 14:22:11 [test:test-matexp] test_that(matExp() linear model estimates identically to the ODE (agq/laplace)) errored: could not find function "expect_equal" 
2026-09-03 14:22:17 [test:test-matexp] test_that(matExp() + indLin() Michaelis-Menten estimates identically to the ODE (focei)) errored: could not find function "expect_equal" 
2026-09-03 14:22:17 [test:test-matexp] test_that(matExp()-native inner model pins the FOCEi lhs column layout (#860)) errored: could not find function "rxUiGet.foceiEnv" 
2026-09-03 14:22:17 [test:test-matexp] test_that(.rxNaturalThetaEtaMap() does not crash on a theta-only or eta-only model) errored: could not find function "expect_equal" 
2026-09-03 14:22:17 [test:test-matexp] test_that(.rxRenameTokens() does not corrupt an unrelated identifier sharing a natural name as an underscore-delimited prefix/suffix) errored: could not find function ".rxRenameTokens" 
2026-09-03 14:22:18 [test:test-matexp] test_that(matExp() linear model fit actually downgrades foceiControl(fast=TRUE)) errored: could not find function "expect_false" 
2026-09-03 14:22:18 [test:test-matexp] test_that(.sensMatExpNative() reorders cmt() declarations source-first for default (compartment-1) dosing) errored: could not find function "rxUiGet.foceEnv" 
2026-09-03 14:22:26 [test:test-matexp] test:test-matexp#1: bobyqa ok=TRUE time=0.97s objf=-140.4195 | trust[fd] ok=TRUE time=1.01s objf=-141.9705 dObjf=-1.551088 maxParDiff=0.6334603 | trust[bfgs] ok=TRUE time=1.05s objf=-140.8181 dObjf=-0.398622 maxParDiff=0.08164248 | trust[sr1] ok=TRUE time=0.62s objf=-141.9517 dObjf=-1.532214 maxParDiff=0.5626262 | trust[bofill] ok=TRUE time=0.61s objf=-141.9705 dObjf=-1.551081 maxParDiff=0.6334126 
2026-09-03 14:22:34 [test:test-matexp] test:test-matexp#2: bobyqa ok=TRUE time=1.03s objf=-140.4195 | trust[fd] ok=TRUE time=0.92s objf=-141.9705 dObjf=-1.551088 maxParDiff=0.6334603 | trust[bfgs] ok=TRUE time=1.00s objf=-140.8181 dObjf=-0.398622 maxParDiff=0.08164248 | trust[sr1] ok=TRUE time=0.59s objf=-141.9517 dObjf=-1.532214 maxParDiff=0.5626262 | trust[bofill] ok=TRUE time=0.60s objf=-141.9705 dObjf=-1.551081 maxParDiff=0.6334126 
2026-09-03 14:22:34 [test:test-matexp] test_that(matExp() population model estimates identically to the ODE (nlm)) errored: could not find function "expect_equal" 
2026-09-03 14:22:36 [test:test-matexp] test_that(matExp()/indLin() analytic gradient + covariance match the ODE (focei/foce/focep + mu/irls)) errored: could not find function "expect_equal" 
2026-09-03 14:22:58 [test:test-matexp] test_that(matExp() estimates identically to the ODE (saem)) errored: could not find function "expect_equal" 
2026-09-03 14:22:58 [test:test-matexp] test_that(matExp()/indLin() Michaelis-Menten (saem) falls back to the ODE flatten) errored: could not find function "expect_true" 
2026-09-03 14:22:59 [test:test-matexp] test_that(matExp() with a state-free indLin() forcing (saem) falls back to the ODE flatten) errored: could not find function "expect_true" 
2026-09-03 14:22:59 [test:test-matexp] test_that(matExp() with delay() (saem) falls back to the ODE flatten) errored: could not find function "expect_false" 
2026-09-03 14:23:00 [test:test-matexp] test_that(matExp()/indLin() table and residual generation (#858)) errored: could not find function "expect_true" 
2026-09-03 14:23:05 [test:test-nlm-cens-t] test:test-nlm-cens-t#1: bobyqa ok=TRUE time=0.43s objf=42.80645 | trust[fd] ok=TRUE time=1.08s objf=48.2984 dObjf=5.491957 maxParDiff=0.1668793 | trust[bfgs] ok=TRUE time=0.68s objf=48.2984 dObjf=5.491957 maxParDiff=0.1668793 | trust[sr1] ok=TRUE time=0.66s objf=48.2984 dObjf=5.491957 maxParDiff=0.1668793 | trust[bofill] ok=TRUE time=0.66s objf=48.2984 dObjf=5.491957 maxParDiff=0.1668793 
2026-09-03 14:23:05 [test:test-nlm-cens-t] test_that(nlm t() endpoint honors M2 censoring (#979)) errored: could not find function "expect_equal" 
2026-09-03 14:23:09 [test:test-nlm-cens-t] test:test-nlm-cens-t#2: bobyqa ok=TRUE time=0.47s objf=31.12565 | trust[fd] ok=TRUE time=0.77s objf=31.44066 dObjf=0.3150148 maxParDiff=0.09371813 | trust[bfgs] ok=TRUE time=0.62s objf=31.44861 dObjf=0.3229593 maxParDiff=0.09391893 | trust[sr1] ok=TRUE time=0.68s objf=31.44631 dObjf=0.320662 maxParDiff=0.09379141 | trust[bofill] ok=TRUE time=0.65s objf=31.44742 dObjf=0.3217702 maxParDiff=0.09381115 
2026-09-03 14:23:09 [test:test-nlm-cens-t] test_that(nlm t() endpoint honors M4 censoring (#979)) errored: could not find function "expect_equal" 
2026-09-03 14:23:14 [test:test-nlm-cens-t] test:test-nlm-cens-t#3: bobyqa ok=TRUE time=0.45s objf=31.19994 | trust[fd] ok=TRUE time=1.16s objf=38.1996 dObjf=6.999666 maxParDiff=0.2666448 | trust[bfgs] ok=TRUE time=0.66s objf=38.1996 dObjf=6.999666 maxParDiff=0.2666448 | trust[sr1] ok=TRUE time=0.66s objf=38.1996 dObjf=6.999666 maxParDiff=0.2666448 | trust[bofill] ok=TRUE time=0.67s objf=38.1996 dObjf=6.999666 maxParDiff=0.2666448 
2026-09-03 14:23:14 [test:test-nlm-cens-t] test_that(nlm t() endpoint honors M3 censoring (#979)) errored: could not find function "expect_equal" 
2026-09-03 14:23:21 [test:test-nlm-cens-t] test:test-nlm-cens-t#4: bobyqa ok=TRUE time=0.94s objf=43.36694 | trust[fd] ok=TRUE time=0.87s objf=36.92497 dObjf=-6.441965 maxParDiff=0.05680591 | trust[bfgs] ok=TRUE time=0.84s objf=36.92497 dObjf=-6.441965 maxParDiff=0.05680591 | trust[sr1] ok=TRUE time=0.58s objf=36.92497 dObjf=-6.441965 maxParDiff=0.05680591 | trust[bofill] ok=TRUE time=0.61s objf=36.92497 dObjf=-6.441965 maxParDiff=0.05680591 
2026-09-03 14:23:21 [test:test-nlm-cens-t] test_that(nlm cauchy() endpoint honors M3 censoring (#979)) errored: could not find function "expect_equal" 
2026-09-03 14:23:28 [test:test-nlm-cens-t] test:test-nlm-cens-t#5: bobyqa ok=TRUE time=0.95s objf=43.36694 | trust[fd] ok=TRUE time=0.94s objf=36.92497 dObjf=-6.441965 maxParDiff=0.05680591 | trust[bfgs] ok=TRUE time=0.66s objf=36.92497 dObjf=-6.441965 maxParDiff=0.05680591 | trust[sr1] ok=TRUE time=0.63s objf=36.92497 dObjf=-6.441965 maxParDiff=0.05680591 | trust[bofill] ok=TRUE time=0.62s objf=36.92497 dObjf=-6.441965 maxParDiff=0.05680591 
2026-09-03 14:23:33 [test:test-nlm-cens-t] test:test-nlm-cens-t#6: bobyqa ok=TRUE time=0.37s objf=43.36694 | trust[fd] ok=TRUE time=0.89s objf=36.92497 dObjf=-6.441965 maxParDiff=0.05680591 | trust[bfgs] ok=TRUE time=0.60s objf=36.92497 dObjf=-6.441965 maxParDiff=0.05680591 | trust[sr1] ok=TRUE time=0.61s objf=36.92497 dObjf=-6.441965 maxParDiff=0.05680591 | trust[bofill] ok=TRUE time=0.60s objf=36.92497 dObjf=-6.441965 maxParDiff=0.05680591 
2026-09-03 14:23:33 [test:test-nlm-cens-t] test_that(t(nu=1) censored objective matches cauchy() censored objective (#979)) errored: could not find function "expect_equal" 
2026-09-03 14:23:33 [test:test-nlm-cens-t] test_that(nlm t()/cauchy() censoring does not warn (#979 catch-all)) errored: could not find function "expect_no_warning" 
2026-09-03 14:23:39 [test:test-nlm-lik-contrib] test:test-nlm-lik-contrib#1: bobyqa ok=TRUE time=1.13s objf=216.1453 | trust[fd] ok=TRUE time=0.77s objf=216.1514 dObjf=0.006166986 maxParDiff=0.00165489 | trust[bfgs] ok=TRUE time=0.57s objf=216.1517 dObjf=0.006433385 maxParDiff=0.001932282 | trust[sr1] ok=TRUE time=0.56s objf=216.1516 dObjf=0.006330244 maxParDiff=0.001807752 | trust[bofill] ok=TRUE time=0.57s objf=216.1518 dObjf=0.006484259 maxParDiff=0.00194956 
2026-09-03 14:23:39 [test:test-nlm-lik-contrib] test_that(nlm population objective fires the lik-contrib hook + one-shot setup reuse) errored: could not find function "expect_gt" 
2026-09-03 14:23:39 [test:test-nlm] test_that(nlm models convert strings to numbers) errored: could not find function "expect_error" 
2026-09-03 14:23:39 [test:test-nlm] test_that(nlm models add interp) errored: could not find function "expect_false" 
2026-09-03 14:23:44 [test:test-nlm] test:test-nlm#1: bobyqa ok=TRUE time=0.90s objf=-688.9902 | trust[fd] ok=TRUE time=0.45s objf=-688.9902 dObjf=-4.851295e-05 maxParDiff=0.002507636 | trust[bfgs] ok=TRUE time=0.40s objf=-688.9901 dObjf=0.0001128133 maxParDiff=0.003118019 | trust[sr1] ok=TRUE time=0.37s objf=-688.9902 dObjf=3.129912e-05 maxParDiff=0.004602835 | trust[bofill] ok=TRUE time=0.38s objf=-688.9899 dObjf=0.000325373 maxParDiff=0.005000613 
2026-09-03 14:23:44 [test:test-nlm] test_that(nlm makes sense) errored: could not find function "expect_s3_class" 
2026-09-03 14:23:44 [test:test-nlm] test_that(matExp uses the nlm theta sensitivity path) errored: could not find function "rxUiGet.nlmThetaS" 
2026-09-03 14:23:44 [test:test-nlm] test_that(matExp event sensitivities build HdTheta) errored: could not find function "rxUiGet.nlmHdTheta" 
2026-09-03 14:23:44 [test:test-nlm] test_that(matExp nlm model assembly runs) errored: could not find function "rxUiGet.nlmEnv" 
2026-09-03 14:23:52 [test:test-nlm] test:test-nlm#2: bobyqa ok=TRUE time=2.08s objf=496.285 | trust[fd] ok=TRUE time=0.92s objf=496.2426 dObjf=-0.04242127 maxParDiff=0.01143937 | trust[bfgs] ok=TRUE time=0.74s objf=496.2429 dObjf=-0.04209633 maxParDiff=0.01247407 | trust[sr1] ok=TRUE time=0.73s objf=496.2427 dObjf=-0.0423753 maxParDiff=0.01146277 | trust[bofill] ok=TRUE time=0.71s objf=496.2449 dObjf=-0.04011282 maxParDiff=0.01399659 
2026-09-03 14:23:52 [test:test-nlm] test_that(nlm multi-subject parallel solving works) errored: could not find function "expect_s3_class" 
2026-09-03 14:23:57 [test:test-nlm] test:test-nlm#3: bobyqa ok=TRUE time=0.47s objf=-161.754 | trust[fd] ok=TRUE time=0.88s objf=-161.8738 dObjf=-0.1198215 maxParDiff=0.05341999 | trust[bfgs] ok=TRUE time=0.67s objf=-161.3197 dObjf=0.4342762 maxParDiff=0.2782779 | trust[sr1] ok=TRUE time=0.67s objf=-161.8738 dObjf=-0.1198178 maxParDiff=0.05299995 | trust[bofill] ok=TRUE time=0.68s objf=-161.8738 dObjf=-0.1198048 maxParDiff=0.05460171 
2026-09-03 14:24:01 [test:test-nlm] test:test-nlm#4: bobyqa ok=TRUE time=0.44s objf=-161.754 | trust[fd] ok=TRUE time=0.90s objf=-161.8738 dObjf=-0.1198215 maxParDiff=0.05341999 | trust[bfgs] ok=TRUE time=0.59s objf=-161.3197 dObjf=0.4342762 maxParDiff=0.2782779 | trust[sr1] ok=TRUE time=0.57s objf=-161.8738 dObjf=-0.1198178 maxParDiff=0.05299995 | trust[bofill] ok=TRUE time=0.62s objf=-161.8738 dObjf=-0.1198048 maxParDiff=0.05460171 
2026-09-03 14:24:01 [test:test-nlm] test_that(matExp + indLin() Michaelis-Menten nlm fit matches the ODE fit) errored: could not find function "expect_s3_class" 
2026-09-03 14:24:05 [test:test-nlm] test:test-nlm#5: bobyqa ok=TRUE time=1.35s objf=98.4812 | trust[fd] ok=TRUE time=1.42s objf=98.48119 dObjf=-1.042989e-05 maxParDiff=0.00031254 | trust[bfgs] ok=TRUE time=0.32s objf=98.48119 dObjf=-9.363996e-06 maxParDiff=0.0003679814 | trust[sr1] ok=TRUE time=0.30s objf=98.48119 dObjf=-9.800433e-06 maxParDiff=0.0003530292 | trust[bofill] ok=TRUE time=0.32s objf=98.48299 dObjf=0.001785315 maxParDiff=0.007202662 
2026-09-03 14:24:05 [test:test-nlm] test_that(nlm-family covariance from a ll() model matches the Poisson GLM (#issue not doubled)) errored: could not find function "expect_equal" 
2026-09-03 14:24:08 [test:test-nlmsetup-fresh-rx] test_that(nlmSetup does not segfault on first estimator call in a fresh R session) errored: could not find function "expect_true" 
2026-09-03 14:24:08 [test:test-nlmsetup-fresh-rx] (whole file): SKIPPED -- sourced cleanly but no nlm-family fit was intercepted 
2026-09-03 14:24:12 [test:test-optexpression-ebe] test:test-optexpression-ebe#1: bobyqa ok=TRUE time=0.48s objf=342.5069 | trust[fd] ok=TRUE time=0.81s objf=216.1514 dObjf=-126.3555 maxParDiff=0.5636927 | trust[bfgs] ok=TRUE time=0.62s objf=216.1517 dObjf=-126.3552 maxParDiff=0.5638879 | trust[sr1] ok=TRUE time=0.62s objf=216.1516 dObjf=-126.3553 maxParDiff=0.5638456 | trust[bofill] ok=TRUE time=0.64s objf=216.1518 dObjf=-126.3551 maxParDiff=0.5639268 
2026-09-03 14:24:12 [test:test-optexpression-ebe] test_that(optExpression is honored for the nlm-family EBE model) errored: could not find function "expect_true" 
2026-09-03 14:24:17 [test:test-optexpression-ebe] test:test-optexpression-ebe#2: bobyqa ok=TRUE time=2.11s objf=342.5069 | trust[fd] ok=TRUE time=0.82s objf=216.1514 dObjf=-126.3555 maxParDiff=0.5636927 | trust[bfgs] ok=TRUE time=0.65s objf=216.1517 dObjf=-126.3552 maxParDiff=0.5638879 | trust[sr1] ok=TRUE time=0.65s objf=216.1516 dObjf=-126.3553 maxParDiff=0.5638456 | trust[bofill] ok=TRUE time=0.62s objf=216.1518 dObjf=-126.3551 maxParDiff=0.5639268 
2026-09-03 14:24:17 [test:test-optexpression-ebe] test_that(sumProd is honored for the nlm-family EBE model) errored: could not find function "expect_true" 
2026-09-03 14:24:21 [test:test-optim] test:test-optim#1: bobyqa ok=TRUE time=0.43s objf=-696.5537 | trust[fd] ok=TRUE time=1.58s objf=-696.5539 dObjf=-0.0002146411 maxParDiff=0.07976865 | trust[bfgs] ok=TRUE time=0.40s objf=-696.5535 dObjf=0.0002186757 maxParDiff=0.02795079 | trust[sr1] ok=TRUE time=0.41s objf=-696.5539 dObjf=-0.0002122423 maxParDiff=0.07060465 | trust[bofill] ok=TRUE time=0.41s objf=-696.5475 dObjf=0.006205034 maxParDiff=0.1594278 
2026-09-03 14:24:21 [test:test-optim] test_that(optim makes sense) errored: could not find function "expect_true" 
2026-09-03 14:24:21 [test:test-optim] test_that(optim sugar aliases dispatch and honor bounds) errored: could not find function "expect_true" 
2026-09-03 14:24:21 [test:test-splitbolus-interp] test_that(generated models do not re-emit splitBolus()) errored: could not find function "expect_true" 
2026-09-03 14:24:22 [test:test-splitbolus-interp] test_that(splitBolus() doses are split exactly once during estimation) errored: could not find function "expect_equal" 
2026-09-03 14:24:22 [test:test-splitbolus-interp] test_that(nlm/nls honor the model's covariate interpolation) errored: could not find function "expect_false" 
2026-09-03 14:24:22 [test:test-splitbolus-interp] (whole file): SKIPPED -- sourced cleanly but no nlm-family fit was intercepted 
2026-09-03 14:24:22 wrote inst/benchmarks/results/trust-outer-benchmark.csv and inst/benchmarks/results/trust-outer-benchmark.md 
