2026-08-20 00:54:23 === benchmark-trust-inner.R starting === 
2026-08-20 00:54:23 --- (a) discussion #924 models --- 
2026-08-20 00:54:28 [discussion-924] d924-theo-1cmt: n1qn1 ok=TRUE time=4.78s objf=116.8041 | trust ok=TRUE time=0.63s objf=116.834 | dObjf=0.02993734 maxParDiff=0.008659051 
2026-08-20 00:54:32 [discussion-924] d924-theo-block-omega: n1qn1 ok=TRUE time=3.23s objf=106.6109 | trust ok=TRUE time=0.59s objf=108.4691 | dObjf=1.858167 maxParDiff=0.01541409 
2026-08-20 00:54:37 [discussion-924] d924-oral-2cmt: n1qn1 ok=TRUE time=3.59s objf=113.1409 | trust ok=TRUE time=0.92s objf=113.1594 | dObjf=0.01851589 maxParDiff=0.02328601 
2026-08-20 00:54:43 [discussion-924] d924-oral-1cmt-mm: n1qn1 ok=TRUE time=4.66s objf=117.3518 | trust ok=TRUE time=1.19s objf=118.5838 | dObjf=1.232056 maxParDiff=0.9559803 
2026-08-20 00:54:48 [discussion-924] d924-pheno-sparse: n1qn1 ok=TRUE time=4.23s objf=725.8398 | trust ok=TRUE time=1.38s objf=726.2155 | dObjf=0.3757322 maxParDiff=0.03724781 
2026-08-20 00:54:48 --- (b) nlmixr2 vignettes (/home/matt-fidler/src/nlmixr2/vignettes) --- 
2026-08-20 00:54:48 found 26 vignette .Rmd files under /home/matt-fidler/src/nlmixr2/vignettes 
2026-08-20 00:55:15 [vignette:addingCovariances] (whole file): SKIPPED -- sourced cleanly but no focei fit was intercepted 
2026-08-20 00:55:24 [vignette:babelmixr2-external-engines] vignette:babelmixr2-external-engines#1: n1qn1 ok=TRUE time=3.94s objf=116.8127 | trust ok=TRUE time=0.77s objf=116.8234 | dObjf=0.01070937 maxParDiff=0.008142089 
2026-08-20 00:57:04 [vignette:imp-impmap-qrpem] vignette:imp-impmap-qrpem#1: n1qn1 ok=TRUE time=1.39s objf=116.8127 | trust ok=TRUE time=0.74s objf=116.8234 | dObjf=0.01070937 maxParDiff=0.008142089 
2026-08-20 00:58:49 [vignette:linearized-quadrature-ladder] vignette:linearized-quadrature-ladder#1: n1qn1 ok=TRUE time=1.11s objf=116.8127 | trust ok=TRUE time=0.95s objf=116.8234 | dObjf=0.01070937 maxParDiff=0.008142089 
2026-08-20 00:59:01 [vignette:mixture-models] (whole file): SKIPPED -- sourced cleanly but no focei fit was intercepted 
2026-08-20 00:59:27 [vignette:nlm-family-optimizers] (whole file): SKIPPED -- sourced cleanly but no focei fit was intercepted 
2026-08-20 00:59:27 [vignette:nlmixr2-hooks] (whole file): SKIPPED -- sourced cleanly but no focei fit was intercepted 
2026-08-20 00:59:27 [vignette:nlmixr2-team-and-advisory-committee] (whole file): SKIPPED -- sourced cleanly but no focei fit was intercepted 
2026-08-20 01:01:58 [vignette:nonparametric-npag-npb] (whole file): SKIPPED -- sourced cleanly but no focei fit was intercepted 
2026-08-20 01:02:08 [vignette:saem] vignette:saem#1: n1qn1 ok=TRUE time=0.98s objf=116.8127 | trust ok=TRUE time=0.74s objf=116.8234 | dObjf=0.01070937 maxParDiff=0.008142089 
2026-08-20 01:02:12 [vignette:simulate-titrated-dosing] (whole file): SKIPPED -- sourced cleanly but no focei fit was intercepted 
2026-08-20 01:02:53 [vignette:vaeNeonatal] source() failed: undefined columns selected 
2026-08-20 01:02:53 [vignette:vaeNeonatal] (whole file): SKIPPED -- source() failed -- see log 
2026-08-20 01:02:58 [vignette:variational-inference] vignette:variational-inference#1: n1qn1 ok=TRUE time=3.82s objf=130.295 | trust ok=TRUE time=0.84s objf=130.2899 | dObjf=-0.005149068 maxParDiff=0.003028254 
2026-08-20 01:03:53 [vignette:broom] vignette:broom#1: n1qn1 ok=TRUE time=3.37s objf=1255.203 | trust ok=TRUE time=7.01s objf=1175.857 | dObjf=-79.34537 maxParDiff=3.685358 
2026-08-20 01:03:55 [vignette:censoring] (whole file): SKIPPED -- sourced cleanly but no focei fit was intercepted 
2026-08-20 01:03:55 [vignette:citations] (whole file): SKIPPED -- sourced cleanly but no focei fit was intercepted 
2026-08-20 01:06:14 [vignette:delays] source() failed: no applicable method for 'fixef' applied to an object of class "c('simpleError', 'error', 'condition')" 
2026-08-20 01:06:14 [vignette:delays] (whole file): SKIPPED -- source() failed -- see log 
2026-08-20 01:18:20 [vignette:mavoglurant] vignette:mavoglurant#1: n1qn1 ok=TRUE time=12.51s objf=1957.387 | trust ok=TRUE time=6.10s objf=1957.349 | dObjf=-0.03806424 maxParDiff=0.01618362 
2026-08-20 01:18:56 [vignette:mavoglurant] vignette:mavoglurant#2: n1qn1 ok=TRUE time=12.44s objf=1963.339 | trust ok=TRUE time=4.80s objf=1963.433 | dObjf=0.09341492 maxParDiff=0.02763026 
2026-08-20 01:24:57 [vignette:modelPiping] vignette:modelPiping#1: n1qn1 ok=TRUE time=4.60s objf=116.8127 | trust ok=TRUE time=1.26s objf=116.8234 | dObjf=0.01070937 maxParDiff=0.008142089 
2026-08-20 01:25:04 [vignette:modelPiping] vignette:modelPiping#2: n1qn1 ok=TRUE time=6.10s objf=116.8438 | trust ok=TRUE time=1.03s objf=116.8434 | dObjf=-0.0003425377 maxParDiff=2.220446e-15 
2026-08-20 01:25:12 [vignette:modelPiping] vignette:modelPiping#3: n1qn1 ok=TRUE time=6.27s objf=116.8097 | trust ok=TRUE time=1.04s objf=116.8099 | dObjf=0.0001659137 maxParDiff=0.001641903 
2026-08-20 01:25:15 [vignette:modelPiping] vignette:modelPiping#4: n1qn1 ok=TRUE time=2.00s objf=116.8226 | trust ok=TRUE time=1.09s objf=116.8331 | dObjf=0.0105012 maxParDiff=0.003297857 
2026-08-20 01:25:23 [vignette:modelPiping] vignette:modelPiping#5: n1qn1 ok=TRUE time=5.96s objf=176.5975 | trust ok=TRUE time=1.10s objf=176.5965 | dObjf=-0.001066129 maxParDiff=0.001817615 
2026-08-20 01:25:31 [vignette:modelPiping] vignette:modelPiping#6: n1qn1 ok=TRUE time=6.89s objf=116.832 | trust ok=TRUE time=1.50s objf=116.8448 | dObjf=0.01287024 maxParDiff=0.02367671 
2026-08-20 01:25:40 [vignette:modelPiping] vignette:modelPiping#7: n1qn1 ok=TRUE time=6.80s objf=116.1704 | trust ok=TRUE time=1.21s objf=116.1733 | dObjf=0.002898836 maxParDiff=0.001094617 
2026-08-20 01:25:50 [vignette:modelPiping] vignette:modelPiping#8: n1qn1 ok=TRUE time=7.86s objf=104.4766 | trust ok=TRUE time=1.49s objf=104.4378 | dObjf=-0.03880686 maxParDiff=0.008408933 
2026-08-20 01:29:22 [vignette:multiple-endpoints] vignette:multiple-endpoints#1: n1qn1 ok=TRUE time=55.43s objf=2267.142 | trust ok=TRUE time=23.49s objf=1332.598 | dObjf=-934.5437 maxParDiff=5.922689 
2026-08-20 01:35:36 [vignette:nimo] (whole file): SKIPPED -- sourced cleanly but no focei fit was intercepted 
2026-08-20 01:35:36 [vignette:precompute-articles] source() failed: lotri syntax errors above 
2026-08-20 01:35:36 [vignette:precompute-articles] (whole file): SKIPPED -- source() failed -- see log 
2026-08-20 01:35:36 [vignette:residualErrors] (whole file): SKIPPED -- sourced cleanly but no focei fit was intercepted 
2026-08-20 01:35:36 [vignette:running_nlmixr] (whole file): SKIPPED -- sourced cleanly but no focei fit was intercepted 
2026-08-20 01:35:36 [vignette:wbc] (whole file): SKIPPED -- sourced cleanly but no focei fit was intercepted 
2026-08-20 01:35:36 [vignette:xgxr-nlmixr-ggpmx] (whole file): SKIPPED -- sourced cleanly but no focei fit was intercepted 
2026-08-20 01:35:36 --- (c) non-wang2007 test-focei-*.R --- 
2026-08-20 01:35:36 found 30 non-wang2007 test-focei-*.R files under tests/testthat 
2026-08-20 01:35:36 [test:test-focei-1] (whole file): SKIPPED -- sourced cleanly but no focei fit was intercepted 
2026-08-20 01:35:48 [test:test-focei-cens] test:test-focei-cens#1: n1qn1 ok=TRUE time=0.42s objf=80.28091 | trust ok=TRUE time=0.37s objf=80.07175 | dObjf=-0.2091607 maxParDiff=0.001001241 
2026-08-20 01:35:59 [test:test-focei-char] (whole file): SKIPPED -- sourced cleanly but no focei fit was intercepted 
2026-08-20 01:36:03 [test:test-focei-cores-fresh-rx] (whole file): SKIPPED -- sourced cleanly but no focei fit was intercepted 
2026-08-20 01:36:03 [test:test-focei-eta-only] (whole file): SKIPPED -- sourced cleanly but no focei fit was intercepted 
2026-08-20 01:36:04 [test:test-focei-eta-reset-path-dependence] (whole file): SKIPPED -- sourced cleanly but no focei fit was intercepted 
2026-08-20 01:36:04 [test:test-focei-factr-control] (whole file): SKIPPED -- sourced cleanly but no focei fit was intercepted 
2026-08-20 01:36:26 [test:test-focei-factr-fit] test:test-focei-factr-fit#1: n1qn1 ok=TRUE time=15.20s objf=19592.63 | trust ok=TRUE time=6.79s objf=19592.88 | dObjf=0.2523923 maxParDiff=0.04314825 
2026-08-20 01:37:36 [test:test-focei-factr-fit] test:test-focei-factr-fit#2: n1qn1 ok=TRUE time=50.46s objf=19592.53 | trust ok=TRUE time=19.51s objf=19592.44 | dObjf=-0.09166179 maxParDiff=0.005749821 
2026-08-20 01:37:36 [test:test-focei-family-control] (whole file): SKIPPED -- sourced cleanly but no focei fit was intercepted 
2026-08-20 01:37:43 [test:test-focei-fast-grad] test:test-focei-fast-grad#1: n1qn1 ok=TRUE time=6.38s objf=154.5595 | trust ok=TRUE time=0.43s objf=154.5611 | dObjf=0.001636159 maxParDiff=0 
2026-08-20 01:37:56 [test:test-focei-fast-grad] test:test-focei-fast-grad#2: n1qn1 ok=TRUE time=13.05s objf=76.99156 | trust ok=TRUE time=0.45s objf=76.99308 | dObjf=0.00151846 maxParDiff=0 
2026-08-20 01:38:17 [test:test-focei-fast-grad] test:test-focei-fast-grad#3: n1qn1 ok=TRUE time=19.72s objf=53695.56 | trust ok=TRUE time=0.60s objf=53695.56 | dObjf=0.0002067363 maxParDiff=0 
2026-08-20 01:38:28 [test:test-focei-fast-grad] test:test-focei-fast-grad#4: n1qn1 ok=TRUE time=10.05s objf=13407.83 | trust ok=TRUE time=1.54s objf=13407.54 | dObjf=-0.2886197 maxParDiff=0 
2026-08-20 01:38:40 [test:test-focei-fast-grad] test:test-focei-fast-grad#5: n1qn1 ok=TRUE time=10.91s objf=161.8901 | trust ok=TRUE time=0.51s objf=161.8888 | dObjf=-0.001248319 maxParDiff=0 
2026-08-20 01:38:43 [test:test-focei-fast-grad] test:test-focei-fast-grad#6: n1qn1 ok=TRUE time=3.06s objf=187.288 | trust ok=TRUE time=0.44s objf=248.1239 | dObjf=60.83598 maxParDiff=0.3792874 
2026-08-20 01:38:51 [test:test-focei-fast-methods-fit] test:test-focei-fast-methods-fit#1: n1qn1 ok=TRUE time=0.68s objf=116.8076 | trust ok=TRUE time=0.62s objf=116.8148 | dObjf=0.007201311 maxParDiff=0.004067583 
2026-08-20 01:38:53 [test:test-focei-fast-methods-fit] test:test-focei-fast-methods-fit#2: n1qn1 ok=TRUE time=0.70s objf=116.8076 | trust ok=TRUE time=0.63s objf=116.8148 | dObjf=0.007201311 maxParDiff=0.004067583 
2026-08-20 01:39:02 [test:test-focei-fast-methods-fit] test:test-focei-fast-methods-fit#3: n1qn1 ok=TRUE time=8.17s objf=116.8198 | trust ok=TRUE time=0.81s objf=116.8219 | dObjf=0.002109196 maxParDiff=0.001054478 
2026-08-20 01:39:02 [test:test-focei-fast-methods] (whole file): SKIPPED -- sourced cleanly but no focei fit was intercepted 
2026-08-20 01:39:04 [test:test-focei-fd-fallbacks] test:test-focei-fd-fallbacks#1: n1qn1 ok=TRUE time=0.70s objf=119.2472 | trust ok=TRUE time=1.16s objf=120.3894 | dObjf=1.142182 maxParDiff=0.04590297 
2026-08-20 01:39:05 [test:test-focei-fd-fallbacks] test:test-focei-fd-fallbacks#2: n1qn1 ok=TRUE time=0.63s objf=118.2311 | trust ok=TRUE time=1.01s objf=118.3819 | dObjf=0.1507552 maxParDiff=0.07884764 
2026-08-20 01:39:18 [test:test-focei-foce-plus] (whole file): SKIPPED -- sourced cleanly but no focei fit was intercepted 
2026-08-20 01:39:18 [test:test-focei-inner] (whole file): SKIPPED -- sourced cleanly but no focei fit was intercepted 
2026-08-20 01:39:25 [test:test-focei-lincmt-alag-sens] (whole file): SKIPPED -- sourced cleanly but no focei fit was intercepted 
2026-08-20 01:40:15 [test:test-focei-ll-fast-grad-fit] test:test-focei-ll-fast-grad-fit#1: n1qn1 ok=TRUE time=48.80s objf=53697.53 | trust ok=TRUE time=0.56s objf=53697.53 | dObjf=1.018506e-05 maxParDiff=0 
2026-08-20 01:40:16 [test:test-focei-ll-fast-grad-fit] test:test-focei-ll-fast-grad-fit#2: n1qn1 ok=TRUE time=0.54s objf=53695.56 | trust ok=TRUE time=0.42s objf=53695.56 | dObjf=0.0002067363 maxParDiff=0 
2026-08-20 01:40:17 [test:test-focei-ll-fast-grad-fit] test:test-focei-ll-fast-grad-fit#3: n1qn1 ok=TRUE time=0.63s objf=53697.53 | trust ok=TRUE time=0.62s objf=53697.53 | dObjf=1.018506e-05 maxParDiff=0 
2026-08-20 01:40:17 [test:test-focei-ll-fast-grad] (whole file): SKIPPED -- sourced cleanly but no focei fit was intercepted 
2026-08-20 01:40:17 [test:test-focei-llik] source() failed: could not find function "rxode2hasLlik" 
2026-08-20 01:40:17 [test:test-focei-llik] (whole file): SKIPPED -- source() failed -- see log 
2026-08-20 01:40:20 [test:test-focei-mceta-empty-cube] test:test-focei-mceta-empty-cube#1: n1qn1 ok=TRUE time=1.30s objf=219.2103 | trust ok=TRUE time=1.30s objf=219.2103 | dObjf=0 maxParDiff=0 
2026-08-20 01:40:21 [test:test-focei-outer-fd-fallback] test:test-focei-outer-fd-fallback#1: n1qn1 ok=TRUE time=0.47s objf=123.5806 | trust ok=TRUE time=0.46s objf=123.575 | dObjf=-0.005595646 maxParDiff=0.0007502844 
2026-08-20 01:40:22 [test:test-focei-outer-fd-fallback] test:test-focei-outer-fd-fallback#2: n1qn1 ok=TRUE time=0.72s objf=123.5965 | trust ok=TRUE time=0.60s objf=123.5819 | dObjf=-0.01462968 maxParDiff=0.0008523617 
2026-08-20 01:40:24 [test:test-focei-outer-fd-fallback] test:test-focei-outer-fd-fallback#3: n1qn1 ok=TRUE time=1.04s objf=133.3747 | trust ok=TRUE time=1.02s objf=133.4864 | dObjf=0.1117324 maxParDiff=0.06710815 
2026-08-20 01:40:32 [test:test-focei-outer-fd-fallback] test:test-focei-outer-fd-fallback#4: n1qn1 ok=TRUE time=7.96s objf=117.5506 | trust ok=TRUE time=0.59s objf=117.55 | dObjf=-0.0006331308 maxParDiff=0.0006663919 
2026-08-20 01:40:38 [test:test-focei-parallel] (whole file): SKIPPED -- sourced cleanly but no focei fit was intercepted 
2026-08-20 01:40:38 [test:test-focei-pooled-solve-args] (whole file): SKIPPED -- sourced cleanly but no focei fit was intercepted 
2026-08-20 01:40:38 [test:test-focei-preprocess] (whole file): SKIPPED -- sourced cleanly but no focei fit was intercepted 
2026-08-20 01:40:41 [test:test-focei-ptrs] (whole file): SKIPPED -- sourced cleanly but no focei fit was intercepted 
2026-08-20 01:40:42 [test:test-focei-shi21-bounds] test:test-focei-shi21-bounds#1: n1qn1 ok=TRUE time=1.15s objf=117.2652 | trust ok=TRUE time=0.54s objf=137.5873 | dObjf=20.32216 maxParDiff=0.1855818 
2026-08-20 01:40:44 [test:test-focei-shi21-bounds] test:test-focei-shi21-bounds#2: n1qn1 ok=TRUE time=1.02s objf=134.0206 | trust ok=TRUE time=0.58s objf=137.5925 | dObjf=3.571897 maxParDiff=0.1751682 
2026-08-20 01:40:47 [test:test-focei-theta-reset-bounds] test:test-focei-theta-reset-bounds#1: n1qn1 ok=TRUE time=3.46s objf=2400 | trust ok=FALSE time=NAs objf=NA | dObjf=NA maxParDiff=NA 
2026-08-20 01:40:48 [test:test-focei-warm] test:test-focei-warm#1: n1qn1 ok=TRUE time=0.49s objf=133.5751 | trust ok=TRUE time=0.41s objf=133.5867 | dObjf=0.01162049 maxParDiff=0 
2026-08-20 01:40:49 [test:test-focei-warm] test:test-focei-warm#2: n1qn1 ok=TRUE time=0.47s objf=133.5751 | trust ok=TRUE time=0.38s objf=133.5867 | dObjf=0.01160659 maxParDiff=0 
2026-08-20 01:40:49 [test:test-focei-zero-init-scale] (whole file): SKIPPED -- sourced cleanly but no focei fit was intercepted 
2026-08-20 01:40:49 [test:test-focei-zero-theta] (whole file): SKIPPED -- sourced cleanly but no focei fit was intercepted 
2026-08-20 01:40:49 wrote inst/benchmarks/results/trust-inner-benchmark.csv and inst/benchmarks/results/trust-inner-benchmark.md 
